// Jest Snapshot v1, https://goo.gl/fbAQLP

exports[`snapshot[component]: ViewBox 1`] = `
<View
  style={
    Object {
      "backgroundColor": "white",
    }
  }
/>
`;
